[muxy] started dialog-demo v0.1.0
[muxy] started dialog-demo v0.1.0
[muxy] command open blocked: missing tabs:write permission
[muxy] command open blocked: missing tabs:write permission
[muxy] command open blocked: missing tabs:write permission
[muxy] started dialog-demo v0.1.0
[muxy] started dialog-demo v0.1.0
[muxy] started dialog-demo v0.1.0
[muxy] started dialog-demo v0.1.0
[muxy] started dialog-demo v0.1.0
[muxy] started dialog-demo v0.1.0
[muxy] started dialog-demo v0.1.0
[muxy] started dialog-demo v0.1.0
[muxy] started dialog-demo v0.1.0
[muxy] started dialog-demo v0.1.0
[muxy] Process exited with status 1
[muxy] started dialog-demo v0.1.0
[muxy] Process exited with status 1
[muxy] started dialog-demo v0.1.0
[muxy] Process exited with status 1
[muxy] started dialog-demo v0.1.0
[muxy] Process exited with status 1
[muxy] started dialog-demo v0.1.0
[muxy] Process exited with status 1
[muxy] started dialog-demo v0.1.0
[muxy] Process exited with status 1
ost] could not connect to Muxy socket: connectFailed("No such file or directory")
[muxy-extension-host] could not connect to Muxy socket: connectFailed("No such file or directory")
[muxy-extension-host] could not connect to Muxy socket: connectFailed("No such file or directory")
[muxy] started dialog-demo v0.1.0
[muxy] started dialog-demo v0.1.0
[muxy] started dialog-demo v0.1.0
